Microchip MPLAB XC8 Compiler V2.20

Linker command line:

-W-3 --edf=C:\Program Files\Microchip\xc8\v2.20\pic\dat\en_msgs.txt -cn \
  -h+dist/default/debug\timer0.X.debug.sym \
  --cmf=dist/default/debug\timer0.X.debug.cmf -z -Q16F877A \
  -oC:\Users\mo\AppData\Local\Temp\s8hk.2 --defsym=__MPLAB_BUILD=1 \
  -Mdist/default/debug/timer0.X.debug.map -E1 -ver=XC8 Compiler \
  --acfsm=1493 -ASTACK=0110h-016Fh -pstack=STACK -ACODE=00h-07FFhx4 \
  -ASTRCODE=00h-01FFFh -ASTRING=00h-0FFhx32 -ACONST=00h-0FFhx32 \
  -AENTRY=00h-0FFhx32 -ACOMMON=070h-07Fh -ABANK0=020h-06Fh \
  -ABANK1=0A0h-0EFh -ABANK2=0110h-016Fh -ABANK3=0190h-01EFh \
  -ARAM=020h-06Fh,0A0h-0EFh,0110h-016Fh,0190h-01EFh \
  -AABS1=020h-07Fh,0A0h-0EFh,0110h-016Fh,0190h-01EFh -ASFR0=00h-01Fh \
  -ASFR1=080h-09Fh -ASFR2=0100h-010Fh -ASFR3=0180h-018Fh \
  -ACONFIG=02007h-02007h -DCONFIG=2 -AIDLOC=02000h-02003h -DIDLOC=2 \
  -preset_vec=00h,intentry,init,end_init -ppowerup=CODE -pcinit=CODE \
  -pfunctab=ENTRY -AEEDATA=00h-0FFh/02100h -peeprom_data=EEDATA -DEEDATA=2 \
  -DCODE=2 -DSTRCODE=2 -DSTRING=2 -DCONST=2 -DENTRY=2 -k \
  C:\Users\mo\AppData\Local\Temp\s8hk.o dist/default/debug\timer0.X.debug.o 

Object code version is 3.11

Machine type is 16F877A



                Name                               Link     Load   Length Selector   Space Scale
C:\Users\mo\AppData\Local\Temp\s8hk.o
                end_init                              0        0        3        0       0
dist/default/debug\timer0.X.debug.o
                cinit                               7DA      7DA       26      FB4       0
                text6                               445      445       60      88A       0
                text5                               409      409       3C      812       0
                text4                               616      616       CE      C2C       0
                text3                               6E4      6E4       F6      DC8       0
                text2                               55A      55A       BC      AB4       0
                text1                               3D6      3D6       33      7AC       0
                maintext                            4A5      4A5       B5      94A       0
                cstackCOMMON                         76       76        6       70       1
                clrtext                             3AA      3AA        8      754       0
                inittext                            3C3      3C3       13      786       0
                dataBANK0                            41       41       11       20       1
                bssBANK0                             20       20       21       20       1
                dataCOMMON                           7C       7C        1       70       1
                bssCOMMON                            70       70        6       70       1
                nvBANK0                              52       52        1       20       1
                idataBANK0                          3B2      3B2       11      764       0
                idataCOMMON                         3A9      3A9        1      752       0

TOTAL           Name                               Link     Load   Length     Space
        CLASS   STACK          

        CLASS   CODE           
                end_init                              0        0        3         0
                cinit                               7DA      7DA       26         0
                text6                               445      445       60         0
                text5                               409      409       3C         0
                text4                               616      616       CE         0
                text3                               6E4      6E4       F6         0
                text2                               55A      55A       BC         0
                text1                               3D6      3D6       33         0
                maintext                            4A5      4A5       B5         0
                clrtext                             3AA      3AA        8         0
                inittext                            3C3      3C3       13         0
                idataBANK0                          3B2      3B2       11         0
                idataCOMMON                         3A9      3A9        1         0

        CLASS   STRCODE        

        CLASS   STRING         

        CLASS   CONST          

        CLASS   ENTRY          

        CLASS   COMMON         
                cstackCOMMON                         76       76        6         1
                dataCOMMON                           7C       7C        1         1
                bssCOMMON                            70       70        6         1

        CLASS   BANK0          
                dataBANK0                            41       41       11         1
                bssBANK0                             20       20       21         1
                nvBANK0                              52       52        1         1

        CLASS   BANK1          

        CLASS   BANK2          

        CLASS   BANK3          

        CLASS   RAM            

        CLASS   ABS1           
                abs_s1                               7E       7E        2         1

        CLASS   SFR0           

        CLASS   SFR1           

        CLASS   SFR2           

        CLASS   SFR3           

        CLASS   CONFIG         

        CLASS   IDLOC          

        CLASS   EEDATA         



SEGMENTS        Name                           Load    Length   Top    Selector   Space  Class     Delta

                reset_vec                      000000  000003  000003         0       0  CODE        2
                bssBANK0                       000020  000033  000053        20       1  BANK0       1
                bssCOMMON                      000070  00000D  00007D        70       1  COMMON      1
                idataCOMMON                    0003A9  000001  0003AA       752       0  CODE        2
                clrtext                        0003AA  000008  0003B2       754       0  CODE        2
                idataBANK0                     0003B2  000011  0003C3       764       0  CODE        2
                inittext                       0003C3  000013  0003D6       786       0  CODE        2
                text1                          0003D6  000033  000409       7AC       0  CODE        2
                text5                          000409  00003C  000445       812       0  CODE        2
                text6                          000445  000060  0004A5       88A       0  CODE        2
                maintext                       0004A5  0000B5  00055A       94A       0  CODE        2
                text2                          00055A  0000BC  000616       AB4       0  CODE        2
                text4                          000616  0000CE  0006E4       C2C       0  CODE        2
                text3                          0006E4  0000F6  0007DA       DC8       0  CODE        2
                cinit                          0007DA  000026  000800       FB4       0  CODE        2


UNUSED ADDRESS RANGES

        Name                Unused          Largest block    Delta
        BANK0            0053-006F             1D           1
        BANK1            00A0-00EF             50           1
        BANK2            0110-016F             60           1
        BANK3            0190-01EF             60           1
        CODE             0003-03A8            3A6           2
                         0800-1FFF            800
        COMMON           007D-007D              1           1
        CONFIG           2007-2007              1           2
        CONST            0003-03A8            100           2
                         0800-1FFF            100
        EEDATA           2100-21FF            100           2
        ENTRY            0003-03A8            100           2
                         0800-1FFF            100
        IDLOC            2000-2003              4           2
        RAM              0053-006F             1D           1
                         00A0-00EF             50
                         0110-016F             60
                         0190-01EF             60
        SFR0             0000-001F             20           1
        SFR1             0080-009F             20           1
        SFR2             0100-010F             10           1
        SFR3             0180-018F             10           1
        STACK            0110-016F             60           1
        STRCODE          0003-03A8            3A6           2
                         0800-1FFF           1800
        STRING           0003-03A8            100           2
                         0800-1FFF            100

                                  Symbol Table

DIO_Read@GPIO                cstackCOMMON 007A
DIO_Read@data                cstackCOMMON 0077
DIO_Read@pins                cstackCOMMON 0076
DIO_Read@ret_error           cstackCOMMON 007B
DIO_Toggle@GPIO              cstackCOMMON 0079
DIO_Toggle@pins              cstackCOMMON 0076
DIO_Toggle@ret_error         cstackCOMMON 007A
DIO_Write@GPIO               cstackCOMMON 007B
DIO_Write@first_powerup      bssCOMMON    0070
DIO_Write@pins               cstackCOMMON 0076
DIO_Write@ret_error          cstackCOMMON 007A
DIO_Write@value              cstackCOMMON 0077
DIO_init@DIO_info            cstackCOMMON 0079
DIO_init@first_powerup_init  bssCOMMON    0071
DIO_init@ret_error           cstackCOMMON 0078
Timer_Init@Timer_cfg         cstackCOMMON 0079
Timer_Init@ret_error         cstackCOMMON 0078
Timer_Start@Timer_CH_NO      cstackCOMMON 007A
Timer_Start@Timer_Count      cstackCOMMON 0076
Timer_Start@ret_error        cstackCOMMON 007B
_DIO_Read                    text6        0445
_DIO_Toggle                  text5        0409
_DIO_Write                   text4        0616
_DIO_init                    text3        06E4
_Dio_configutation_A         dataBANK0    0046
_Dio_configutation_B         dataBANK0    004E
_Dio_configutation_C         dataBANK0    004A
_Prescaler                   dataCOMMON   007C
_TIMER0OVF_INT               bssCOMMON    0073
_Timer_Configuration0        dataBANK0    0041
_Timer_Init                  text2        055A
_Timer_Start                 text1        03D6
__Habs1                      abs1         0000
__Hbank0                     bank0        0000
__Hbank1                     bank1        0000
__Hbank2                     bank2        0000
__Hbank3                     bank3        0000
__HbssBANK0                  bssBANK0     0000
__HbssCOMMON                 bssCOMMON    0000
__Hcinit                     cinit        0800
__Hclrtext                   clrtext      0000
__Hcode                      code         0000
__Hcommon                    common       0000
__HcstackCOMMON              cstackCOMMON 0000
__HdataBANK0                 dataBANK0    0000
__HdataCOMMON                dataCOMMON   0000
__Heeprom_data               eeprom_data  0000
__Hend_init                  end_init     0003
__Hfunctab                   functab      0000
__HidataBANK0                idataBANK0   0000
__HidataCOMMON               idataCOMMON  0000
__Hinit                      init         0000
__Hinittext                  inittext     0000
__Hintentry                  intentry     0000
__Hmaintext                  maintext     0000
__HnvBANK0                   nvBANK0      0000
__Hpowerup                   powerup      0000
__Hram                       ram          0000
__Hreset_vec                 reset_vec    0000
__Hsfr0                      sfr0         0000
__Hsfr1                      sfr1         0000
__Hsfr2                      sfr2         0000
__Hsfr3                      sfr3         0000
__Hspace_0                   (abs)        0800
__Hspace_1                   (abs)        007D
__Hspace_2                   (abs)        0000
__Hspace_3                   (abs)        0000
__Hstack                     stack        0000
__Hstrings                   strings      0000
__Htext                      text         0000
__Labs1                      abs1         0000
__Lbank0                     bank0        0000
__Lbank1                     bank1        0000
__Lbank2                     bank2        0000
__Lbank3                     bank3        0000
__LbssBANK0                  bssBANK0     0000
__LbssCOMMON                 bssCOMMON    0000
__Lcinit                     cinit        07DA
__Lclrtext                   clrtext      0000
__Lcode                      code         0000
__Lcommon                    common       0000
__LcstackCOMMON              cstackCOMMON 0000
__LdataBANK0                 dataBANK0    0000
__LdataCOMMON                dataCOMMON   0000
__Leeprom_data               eeprom_data  0000
__Lend_init                  end_init     0000
__Lfunctab                   functab      0000
__LidataBANK0                idataBANK0   0000
__LidataCOMMON               idataCOMMON  0000
__Linit                      init         0000
__Linittext                  inittext     0000
__Lintentry                  intentry     0000
__Lmaintext                  maintext     0000
__LnvBANK0                   nvBANK0      0000
__Lpowerup                   powerup      0000
__Lram                       ram          0000
__Lreset_vec                 reset_vec    0000
__Lsfr0                      sfr0         0000
__Lsfr1                      sfr1         0000
__Lsfr2                      sfr2         0000
__Lsfr3                      sfr3         0000
__Lspace_0                   (abs)        0000
__Lspace_1                   (abs)        0000
__Lspace_2                   (abs)        0000
__Lspace_3                   (abs)        0000
__Lstack                     stack        0000
__Lstrings                   strings      0000
__Ltext                      text         0000
__S0                         (abs)        0800
__S1                         (abs)        007D
__S2                         (abs)        0000
__S3                         (abs)        0000
___int_sp                    stack        0000
___latbits                   (abs)        0002
___sp                        stack        0000
___stackhi                   (abs)        0000
___stacklo                   (abs)        0000
__end_of_DIO_Read            text6        04A5
__end_of_DIO_Toggle          text5        0445
__end_of_DIO_Write           text4        06E4
__end_of_DIO_init            text3        07DA
__end_of_Timer_Init          text2        0616
__end_of_Timer_Start         text1        0409
__end_of__initialization     cinit        07FC
__end_of_main                maintext     055A
__initialization             cinit        07DA
__pbssBANK0                  bssBANK0     0020
__pbssCOMMON                 bssCOMMON    0070
__pcstackCOMMON              cstackCOMMON 0076
__pdataBANK0                 dataBANK0    0041
__pdataCOMMON                dataCOMMON   007C
__pidataBANK0                idataBANK0   03B2
__pidataCOMMON               idataCOMMON  03A9
__pmaintext                  maintext     04A5
__pnvBANK0                   nvBANK0      0052
__ptext1                     text1        03D6
__ptext2                     text2        055A
__ptext3                     text3        06E4
__ptext4                     text4        0616
__ptext5                     text5        0409
__ptext6                     text6        0445
__size_of_DIO_Read           (abs)        0000
__size_of_DIO_Toggle         (abs)        0000
__size_of_DIO_Write          (abs)        0000
__size_of_DIO_init           (abs)        0000
__size_of_Timer_Init         (abs)        0000
__size_of_Timer_Start        (abs)        0000
__size_of_main               (abs)        0000
_data                        bssCOMMON    0075
_data2                       bssCOMMON    0074
_is_init                     bssCOMMON    0072
_main                        maintext     04A5
_ret                         nvBANK0      0052
_timer0_interrupt_ovfRoutine (abs)        0000
btemp                        (abs)        007E
clear_ram0                   clrtext      03AA
end_of_initialization        cinit        07FC
init_fetch0                  inittext     03C3
init_ram0                    inittext     03C7
intlevel0                    functab      0000
intlevel1                    functab      0000
intlevel2                    functab      0000
intlevel3                    functab      0000
intlevel4                    functab      0000
intlevel5                    functab      0000
reset_vec                    reset_vec    0000
start                        init         0000
start_initialization         cinit        07DA
wtemp0                       (abs)        007E


FUNCTION INFORMATION:

 *************** function _main *****************
 Defined at:
		line 13 in file "main.c"
 Parameters:    Size  Location     Type
		None
 Auto vars:     Size  Location     Type
		None
 Return value:  Size  Location     Type
                  1    wreg      void 
 Registers used:
		wreg, fsr0l, fsr0h, status,2, status,0, btemp+1, pclath, cstack
 Tracked objects:
		On entry : 
		On exit  : 
		Unchanged: 
 Data sizes:     COMMON   BANK0   BANK1   BANK3   BANK2
      Params:         0       0       0       0       0
      Locals:         0       0       0       0       0
      Temps:          0       0       0       0       0
      Totals:         0       0       0       0       0
Total ram usage:        0 bytes
 Hardware stack levels required when called:    1
 This function calls:
		_DIO_Read
		_DIO_Toggle
		_DIO_Write
		_DIO_init
		_Timer_Init
		_Timer_Start
 This function is called by:
		Startup code after reset
 This function uses a non-reentrant model


 *************** function _Timer_Start *****************
 Defined at:
		line 129 in file "timer.c"
 Parameters:    Size  Location     Type
  Timer_CH_NO     1    wreg     unsigned char 
  Timer_Count     2    0[COMMON] unsigned int 
 Auto vars:     Size  Location     Type
  Timer_CH_NO     1    4[COMMON] unsigned char 
  ret_error       1    5[COMMON] unsigned char 
 Return value:  Size  Location     Type
                  1    wreg      unsigned char 
 Registers used:
		wreg, fsr0l, fsr0h, status,2, status,0, btemp+1
 Tracked objects:
		On entry : 
		On exit  : 
		Unchanged: 
 Data sizes:     COMMON   BANK0   BANK1   BANK3   BANK2
      Params:         2       0       0       0       0
      Locals:         2       0       0       0       0
      Temps:          2       0       0       0       0
      Totals:         6       0       0       0       0
Total ram usage:        6 bytes
 Hardware stack levels used:    1
 This function calls:
		Nothing
 This function is called by:
		_main
 This function uses a non-reentrant model


 *************** function _Timer_Init *****************
 Defined at:
		line 15 in file "timer.c"
 Parameters:    Size  Location     Type
  Timer_cfg       1    wreg     PTR struct Timer_cfg_s
		 -> Timer_Configuration0(5), 
 Auto vars:     Size  Location     Type
  Timer_cfg       1    3[COMMON] PTR struct Timer_cfg_s
		 -> Timer_Configuration0(5), 
  ret_error       1    2[COMMON] unsigned char 
 Return value:  Size  Location     Type
                  1    wreg      unsigned char 
 Registers used:
		wreg, fsr0l, fsr0h, status,2, status,0, btemp+1
 Tracked objects:
		On entry : 
		On exit  : 
		Unchanged: 
 Data sizes:     COMMON   BANK0   BANK1   BANK3   BANK2
      Params:         0       0       0       0       0
      Locals:         2       0       0       0       0
      Temps:          2       0       0       0       0
      Totals:         4       0       0       0       0
Total ram usage:        4 bytes
 Hardware stack levels used:    1
 This function calls:
		Nothing
 This function is called by:
		_main
 This function uses a non-reentrant model


 *************** function _DIO_init *****************
 Defined at:
		line 11 in file "DIO.c"
 Parameters:    Size  Location     Type
  DIO_info        1    wreg     PTR struct DIO_Cfg_s
		 -> Dio_configutation_A(4), Dio_configutation_C(4), Dio_configutation_B(4), 
 Auto vars:     Size  Location     Type
  DIO_info        1    3[COMMON] PTR struct DIO_Cfg_s
		 -> Dio_configutation_A(4), Dio_configutation_C(4), Dio_configutation_B(4), 
  ret_error       1    2[COMMON] unsigned char 
 Return value:  Size  Location     Type
                  1    wreg      unsigned char 
 Registers used:
		wreg, fsr0l, fsr0h, status,2, status,0, btemp+1
 Tracked objects:
		On entry : 
		On exit  : 
		Unchanged: 
 Data sizes:     COMMON   BANK0   BANK1   BANK3   BANK2
      Params:         0       0       0       0       0
      Locals:         2       0       0       0       0
      Temps:          2       0       0       0       0
      Totals:         4       0       0       0       0
Total ram usage:        4 bytes
 Hardware stack levels used:    1
 This function calls:
		Nothing
 This function is called by:
		_main
 This function uses a non-reentrant model


 *************** function _DIO_Write *****************
 Defined at:
		line 131 in file "DIO.c"
 Parameters:    Size  Location     Type
  GPIO            1    wreg     unsigned char 
  pins            1    0[COMMON] unsigned char 
  value           1    1[COMMON] unsigned char 
 Auto vars:     Size  Location     Type
  GPIO            1    5[COMMON] unsigned char 
  ret_error       1    4[COMMON] unsigned char 
 Return value:  Size  Location     Type
                  1    wreg      unsigned char 
 Registers used:
		wreg, fsr0l, fsr0h, status,2, status,0, btemp+1
 Tracked objects:
		On entry : 
		On exit  : 
		Unchanged: 
 Data sizes:     COMMON   BANK0   BANK1   BANK3   BANK2
      Params:         2       0       0       0       0
      Locals:         2       0       0       0       0
      Temps:          2       0       0       0       0
      Totals:         6       0       0       0       0
Total ram usage:        6 bytes
 Hardware stack levels used:    1
 This function calls:
		Nothing
 This function is called by:
		_main
		_timer0_interrupt_ovfRoutine
 This function uses a non-reentrant model


 *************** function _DIO_Toggle *****************
 Defined at:
		line 289 in file "DIO.c"
 Parameters:    Size  Location     Type
  GPIO            1    wreg     unsigned char 
  pins            1    0[COMMON] unsigned char 
 Auto vars:     Size  Location     Type
  GPIO            1    3[COMMON] unsigned char 
  ret_error       1    4[COMMON] unsigned char 
 Return value:  Size  Location     Type
                  1    wreg      unsigned char 
 Registers used:
		wreg, fsr0l, fsr0h, status,2, status,0, btemp+1
 Tracked objects:
		On entry : 
		On exit  : 
		Unchanged: 
 Data sizes:     COMMON   BANK0   BANK1   BANK3   BANK2
      Params:         1       0       0       0       0
      Locals:         2       0       0       0       0
      Temps:          2       0       0       0       0
      Totals:         5       0       0       0       0
Total ram usage:        5 bytes
 Hardware stack levels used:    1
 This function calls:
		Nothing
 This function is called by:
		_main
 This function uses a non-reentrant model


 *************** function _DIO_Read *****************
 Defined at:
		line 235 in file "DIO.c"
 Parameters:    Size  Location     Type
  GPIO            1    wreg     unsigned char 
  pins            1    0[COMMON] unsigned char 
  data            1    1[COMMON] PTR unsigned char 
		 -> data2(1), data(1), 
 Auto vars:     Size  Location     Type
  GPIO            1    4[COMMON] unsigned char 
  ret_error       1    5[COMMON] unsigned char 
 Return value:  Size  Location     Type
                  1    wreg      unsigned char 
 Registers used:
		wreg, fsr0l, fsr0h, status,2, status,0, btemp+1
 Tracked objects:
		On entry : 
		On exit  : 
		Unchanged: 
 Data sizes:     COMMON   BANK0   BANK1   BANK3   BANK2
      Params:         2       0       0       0       0
      Locals:         2       0       0       0       0
      Temps:          2       0       0       0       0
      Totals:         6       0       0       0       0
Total ram usage:        6 bytes
 Hardware stack levels used:    1
 This function calls:
		Nothing
 This function is called by:
		_main
 This function uses a non-reentrant model



MODULE INFORMATION

Module		Function		Class		Link	Load	Size
timer.c
		_Timer_Start   		CODE           	03D6	0000	52
		_Timer_Init    		CODE           	055A	0000	189

timer.c estimated size: 241

DIO.c
		_DIO_init      		CODE           	06E4	0000	247
		_DIO_Write     		CODE           	0616	0000	207
		_DIO_Toggle    		CODE           	0409	0000	61
		_DIO_Read      		CODE           	0445	0000	97

DIO.c estimated size: 612

shared
		__initialization		CODE           	07DA	0000	35

shared estimated size: 35

main.c
		_main          		CODE           	04A5	0000	182

main.c estimated size: 182

