Microchip MPLAB XC8 Compiler V2.20

Linker command line:

-W-3 --edf=C:\Program Files\Microchip\xc8\v2.20\pic\dat\en_msgs.txt -cn \
  -h+dist/default/debug\timer0.X.debug.sym \
  --cmf=dist/default/debug\timer0.X.debug.cmf -z -Q16F877A \
  -oC:\Users\mo\AppData\Local\Temp\s7kc.2 --defsym=__MPLAB_BUILD=1 \
  -Mdist/default/debug/timer0.X.debug.map -E1 -ver=XC8 Compiler \
  --acfsm=1493 -ASTACK=0110h-016Fh -pstack=STACK -ACODE=00h-07FFhx4 \
  -ASTRCODE=00h-01FFFh -ASTRING=00h-0FFhx32 -ACONST=00h-0FFhx32 \
  -AENTRY=00h-0FFhx32 -ACOMMON=070h-07Fh -ABANK0=020h-06Fh \
  -ABANK1=0A0h-0EFh -ABANK2=0110h-016Fh -ABANK3=0190h-01EFh \
  -ARAM=020h-06Fh,0A0h-0EFh,0110h-016Fh,0190h-01EFh \
  -AABS1=020h-07Fh,0A0h-0EFh,0110h-016Fh,0190h-01EFh -ASFR0=00h-01Fh \
  -ASFR1=080h-09Fh -ASFR2=0100h-010Fh -ASFR3=0180h-018Fh \
  -ACONFIG=02007h-02007h -DCONFIG=2 -AIDLOC=02000h-02003h -DIDLOC=2 \
  -preset_vec=00h,intentry,init,end_init -ppowerup=CODE -pcinit=CODE \
  -pfunctab=ENTRY -AEEDATA=00h-0FFh/02100h -peeprom_data=EEDATA -DEEDATA=2 \
  -DCODE=2 -DSTRCODE=2 -DSTRING=2 -DCONST=2 -DENTRY=2 -k \
  C:\Users\mo\AppData\Local\Temp\s7kc.o dist/default/debug\timer0.X.debug.o 

Object code version is 3.11

Machine type is 16F877A



                Name                               Link     Load   Length Selector   Space Scale
C:\Users\mo\AppData\Local\Temp\s7kc.o
                end_init                              0        0        3        0       0
dist/default/debug\timer0.X.debug.o
                cinit                               7E0      7E0       20      FC0       0
                text4                               48D      48D       60      91A       0
                text3                               61C      61C       CE      C38       0
                text2                               6EA      6EA       F6      DD4       0
                text1                               561      561       BB      AC2       0
                maintext                            4ED      4ED       74      9DA       0
                cstackCOMMON                         76       76        6       70       1
                clrtext                             461      461        8      8C2       0
                inittext                            47A      47A       13      8F4       0
                dataBANK0                            41       41       11       20       1
                bssBANK0                             20       20       21       20       1
                bssCOMMON                            70       70        6       70       1
                nvCOMMON                             7C       7C        1       70       1
                idataBANK0                          469      469       11      8D2       0

TOTAL           Name                               Link     Load   Length     Space
        CLASS   STACK          

        CLASS   CODE           
                end_init                              0        0        3         0
                cinit                               7E0      7E0       20         0
                text4                               48D      48D       60         0
                text3                               61C      61C       CE         0
                text2                               6EA      6EA       F6         0
                text1                               561      561       BB         0
                maintext                            4ED      4ED       74         0
                clrtext                             461      461        8         0
                inittext                            47A      47A       13         0
                idataBANK0                          469      469       11         0

        CLASS   STRCODE        

        CLASS   STRING         

        CLASS   CONST          

        CLASS   ENTRY          

        CLASS   COMMON         
                cstackCOMMON                         76       76        6         1
                bssCOMMON                            70       70        6         1
                nvCOMMON                             7C       7C        1         1

        CLASS   BANK0          
                dataBANK0                            41       41       11         1
                bssBANK0                             20       20       21         1

        CLASS   BANK1          

        CLASS   BANK2          

        CLASS   BANK3          

        CLASS   RAM            

        CLASS   ABS1           
                abs_s1                               7E       7E        2         1

        CLASS   SFR0           

        CLASS   SFR1           

        CLASS   SFR2           

        CLASS   SFR3           

        CLASS   CONFIG         

        CLASS   IDLOC          

        CLASS   EEDATA         



SEGMENTS        Name                           Load    Length   Top    Selector   Space  Class     Delta

                reset_vec                      000000  000003  000003         0       0  CODE        2
                bssBANK0                       000020  000032  000052        20       1  BANK0       1
                bssCOMMON                      000070  00000D  00007D        70       1  COMMON      1
                clrtext                        000461  000008  000469       8C2       0  CODE        2
                idataBANK0                     000469  000011  00047A       8D2       0  CODE        2
                inittext                       00047A  000013  00048D       8F4       0  CODE        2
                text4                          00048D  000060  0004ED       91A       0  CODE        2
                maintext                       0004ED  000074  000561       9DA       0  CODE        2
                text1                          000561  0000BB  00061C       AC2       0  CODE        2
                text3                          00061C  0000CE  0006EA       C38       0  CODE        2
                text2                          0006EA  0000F6  0007E0       DD4       0  CODE        2
                cinit                          0007E0  000020  000800       FC0       0  CODE        2


UNUSED ADDRESS RANGES

        Name                Unused          Largest block    Delta
        BANK0            0052-006F             1E           1
        BANK1            00A0-00EF             50           1
        BANK2            0110-016F             60           1
        BANK3            0190-01EF             60           1
        CODE             0003-0460            45E           2
                         0800-1FFF            800
        COMMON           007D-007D              1           1
        CONFIG           2007-2007              1           2
        CONST            0003-0460            100           2
                         0800-1FFF            100
        EEDATA           2100-21FF            100           2
        ENTRY            0003-0460            100           2
                         0800-1FFF            100
        IDLOC            2000-2003              4           2
        RAM              0052-006F             1E           1
                         00A0-00EF             50
                         0110-016F             60
                         0190-01EF             60
        SFR0             0000-001F             20           1
        SFR1             0080-009F             20           1
        SFR2             0100-010F             10           1
        SFR3             0180-018F             10           1
        STACK            0110-016F             60           1
        STRCODE          0003-0460            45E           2
                         0800-1FFF           1800
        STRING           0003-0460            100           2
                         0800-1FFF            100

                                  Symbol Table

DIO_Read@GPIO                cstackCOMMON 007A
DIO_Read@data                cstackCOMMON 0077
DIO_Read@pins                cstackCOMMON 0076
DIO_Read@ret_error           cstackCOMMON 007B
DIO_Write@GPIO               cstackCOMMON 007B
DIO_Write@first_powerup      bssCOMMON    0070
DIO_Write@pins               cstackCOMMON 0076
DIO_Write@ret_error          cstackCOMMON 007A
DIO_Write@value              cstackCOMMON 0077
DIO_init@DIO_info            cstackCOMMON 0079
DIO_init@first_powerup_init  bssCOMMON    0071
DIO_init@ret_error           cstackCOMMON 0078
Timer_Init@Timer_cfg         cstackCOMMON 0079
Timer_Init@ret_error         cstackCOMMON 0078
_DIO_Read                    text4        048D
_DIO_Write                   text3        061C
_DIO_init                    text2        06EA
_Dio_configutation_A         dataBANK0    0046
_Dio_configutation_B         dataBANK0    004E
_Dio_configutation_C         dataBANK0    004A
_TIMER0OVF_INT               bssCOMMON    0073
_Timer_Configuration0        dataBANK0    0041
_Timer_Init                  text1        0561
__Habs1                      abs1         0000
__Hbank0                     bank0        0000
__Hbank1                     bank1        0000
__Hbank2                     bank2        0000
__Hbank3                     bank3        0000
__HbssBANK0                  bssBANK0     0000
__HbssCOMMON                 bssCOMMON    0000
__Hcinit                     cinit        0800
__Hclrtext                   clrtext      0000
__Hcode                      code         0000
__Hcommon                    common       0000
__HcstackCOMMON              cstackCOMMON 0000
__HdataBANK0                 dataBANK0    0000
__Heeprom_data               eeprom_data  0000
__Hend_init                  end_init     0003
__Hfunctab                   functab      0000
__HidataBANK0                idataBANK0   0000
__Hinit                      init         0000
__Hinittext                  inittext     0000
__Hintentry                  intentry     0000
__Hmaintext                  maintext     0000
__HnvCOMMON                  nvCOMMON     0000
__Hpowerup                   powerup      0000
__Hram                       ram          0000
__Hreset_vec                 reset_vec    0000
__Hsfr0                      sfr0         0000
__Hsfr1                      sfr1         0000
__Hsfr2                      sfr2         0000
__Hsfr3                      sfr3         0000
__Hspace_0                   (abs)        0800
__Hspace_1                   (abs)        007D
__Hspace_2                   (abs)        0000
__Hspace_3                   (abs)        0000
__Hstack                     stack        0000
__Hstrings                   strings      0000
__Htext                      text         0000
__Labs1                      abs1         0000
__Lbank0                     bank0        0000
__Lbank1                     bank1        0000
__Lbank2                     bank2        0000
__Lbank3                     bank3        0000
__LbssBANK0                  bssBANK0     0000
__LbssCOMMON                 bssCOMMON    0000
__Lcinit                     cinit        07E0
__Lclrtext                   clrtext      0000
__Lcode                      code         0000
__Lcommon                    common       0000
__LcstackCOMMON              cstackCOMMON 0000
__LdataBANK0                 dataBANK0    0000
__Leeprom_data               eeprom_data  0000
__Lend_init                  end_init     0000
__Lfunctab                   functab      0000
__LidataBANK0                idataBANK0   0000
__Linit                      init         0000
__Linittext                  inittext     0000
__Lintentry                  intentry     0000
__Lmaintext                  maintext     0000
__LnvCOMMON                  nvCOMMON     0000
__Lpowerup                   powerup      0000
__Lram                       ram          0000
__Lreset_vec                 reset_vec    0000
__Lsfr0                      sfr0         0000
__Lsfr1                      sfr1         0000
__Lsfr2                      sfr2         0000
__Lsfr3                      sfr3         0000
__Lspace_0                   (abs)        0000
__Lspace_1                   (abs)        0000
__Lspace_2                   (abs)        0000
__Lspace_3                   (abs)        0000
__Lstack                     stack        0000
__Lstrings                   strings      0000
__Ltext                      text         0000
__S0                         (abs)        0800
__S1                         (abs)        007D
__S2                         (abs)        0000
__S3                         (abs)        0000
___int_sp                    stack        0000
___latbits                   (abs)        0002
___sp                        stack        0000
___stackhi                   (abs)        0000
___stacklo                   (abs)        0000
__end_of_DIO_Read            text4        04ED
__end_of_DIO_Write           text3        06EA
__end_of_DIO_init            text2        07E0
__end_of_Timer_Init          text1        061C
__end_of__initialization     cinit        07FC
__end_of_main                maintext     0561
__initialization             cinit        07E0
__pbssBANK0                  bssBANK0     0020
__pbssCOMMON                 bssCOMMON    0070
__pcstackCOMMON              cstackCOMMON 0076
__pdataBANK0                 dataBANK0    0041
__pidataBANK0                idataBANK0   0469
__pmaintext                  maintext     04ED
__pnvCOMMON                  nvCOMMON     007C
__ptext1                     text1        0561
__ptext2                     text2        06EA
__ptext3                     text3        061C
__ptext4                     text4        048D
__size_of_DIO_Read           (abs)        0000
__size_of_DIO_Write          (abs)        0000
__size_of_DIO_init           (abs)        0000
__size_of_Timer_Init         (abs)        0000
__size_of_main               (abs)        0000
_data                        bssCOMMON    0075
_data2                       bssCOMMON    0074
_is_init                     bssCOMMON    0072
_main                        maintext     04ED
_ret                         nvCOMMON     007C
_timer0_interrupt_ovfRoutine (abs)        0000
btemp                        (abs)        007E
clear_ram0                   clrtext      0461
end_of_initialization        cinit        07FC
init_fetch0                  inittext     047A
init_ram0                    inittext     047E
intlevel0                    functab      0000
intlevel1                    functab      0000
intlevel2                    functab      0000
intlevel3                    functab      0000
intlevel4                    functab      0000
intlevel5                    functab      0000
reset_vec                    reset_vec    0000
start                        init         0000
start_initialization         cinit        07E0
wtemp0                       (abs)        007E


FUNCTION INFORMATION:

 *************** function _main *****************
 Defined at:
		line 13 in file "main.c"
 Parameters:    Size  Location     Type
		None
 Auto vars:     Size  Location     Type
		None
 Return value:  Size  Location     Type
                  1    wreg      void 
 Registers used:
		wreg, fsr0l, fsr0h, status,2, status,0, btemp+1, pclath, cstack
 Tracked objects:
		On entry : 
		On exit  : 
		Unchanged: 
 Data sizes:     COMMON   BANK0   BANK1   BANK3   BANK2
      Params:         0       0       0       0       0
      Locals:         0       0       0       0       0
      Temps:          0       0       0       0       0
      Totals:         0       0       0       0       0
Total ram usage:        0 bytes
 Hardware stack levels required when called:    1
 This function calls:
		_DIO_Read
		_DIO_Write
		_DIO_init
		_Timer_Init
 This function is called by:
		Startup code after reset
 This function uses a non-reentrant model


 *************** function _Timer_Init *****************
 Defined at:
		line 13 in file "timer.c"
 Parameters:    Size  Location     Type
  Timer_cfg       1    wreg     PTR struct Timer_cfg_s
		 -> Timer_Configuration0(5), 
 Auto vars:     Size  Location     Type
  Timer_cfg       1    3[COMMON] PTR struct Timer_cfg_s
		 -> Timer_Configuration0(5), 
  ret_error       1    2[COMMON] unsigned char 
 Return value:  Size  Location     Type
                  1    wreg      unsigned char 
 Registers used:
		wreg, fsr0l, fsr0h, status,2, status,0, btemp+1
 Tracked objects:
		On entry : 
		On exit  : 
		Unchanged: 
 Data sizes:     COMMON   BANK0   BANK1   BANK3   BANK2
      Params:         0       0       0       0       0
      Locals:         2       0       0       0       0
      Temps:          2       0       0       0       0
      Totals:         4       0       0       0       0
Total ram usage:        4 bytes
 Hardware stack levels used:    1
 This function calls:
		Nothing
 This function is called by:
		_main
 This function uses a non-reentrant model


 *************** function _DIO_init *****************
 Defined at:
		line 11 in file "DIO.c"
 Parameters:    Size  Location     Type
  DIO_info        1    wreg     PTR struct DIO_Cfg_s
		 -> Dio_configutation_A(4), Dio_configutation_C(4), Dio_configutation_B(4), 
 Auto vars:     Size  Location     Type
  DIO_info        1    3[COMMON] PTR struct DIO_Cfg_s
		 -> Dio_configutation_A(4), Dio_configutation_C(4), Dio_configutation_B(4), 
  ret_error       1    2[COMMON] unsigned char 
 Return value:  Size  Location     Type
                  1    wreg      unsigned char 
 Registers used:
		wreg, fsr0l, fsr0h, status,2, status,0, btemp+1
 Tracked objects:
		On entry : 
		On exit  : 
		Unchanged: 
 Data sizes:     COMMON   BANK0   BANK1   BANK3   BANK2
      Params:         0       0       0       0       0
      Locals:         2       0       0       0       0
      Temps:          2       0       0       0       0
      Totals:         4       0       0       0       0
Total ram usage:        4 bytes
 Hardware stack levels used:    1
 This function calls:
		Nothing
 This function is called by:
		_main
 This function uses a non-reentrant model


 *************** function _DIO_Write *****************
 Defined at:
		line 131 in file "DIO.c"
 Parameters:    Size  Location     Type
  GPIO            1    wreg     unsigned char 
  pins            1    0[COMMON] unsigned char 
  value           1    1[COMMON] unsigned char 
 Auto vars:     Size  Location     Type
  GPIO            1    5[COMMON] unsigned char 
  ret_error       1    4[COMMON] unsigned char 
 Return value:  Size  Location     Type
                  1    wreg      unsigned char 
 Registers used:
		wreg, fsr0l, fsr0h, status,2, status,0, btemp+1
 Tracked objects:
		On entry : 
		On exit  : 
		Unchanged: 
 Data sizes:     COMMON   BANK0   BANK1   BANK3   BANK2
      Params:         2       0       0       0       0
      Locals:         2       0       0       0       0
      Temps:          2       0       0       0       0
      Totals:         6       0       0       0       0
Total ram usage:        6 bytes
 Hardware stack levels used:    1
 This function calls:
		Nothing
 This function is called by:
		_main
 This function uses a non-reentrant model


 *************** function _DIO_Read *****************
 Defined at:
		line 235 in file "DIO.c"
 Parameters:    Size  Location     Type
  GPIO            1    wreg     unsigned char 
  pins            1    0[COMMON] unsigned char 
  data            1    1[COMMON] PTR unsigned char 
		 -> data2(1), data(1), 
 Auto vars:     Size  Location     Type
  GPIO            1    4[COMMON] unsigned char 
  ret_error       1    5[COMMON] unsigned char 
 Return value:  Size  Location     Type
                  1    wreg      unsigned char 
 Registers used:
		wreg, fsr0l, fsr0h, status,2, status,0, btemp+1
 Tracked objects:
		On entry : 
		On exit  : 
		Unchanged: 
 Data sizes:     COMMON   BANK0   BANK1   BANK3   BANK2
      Params:         2       0       0       0       0
      Locals:         2       0       0       0       0
      Temps:          2       0       0       0       0
      Totals:         6       0       0       0       0
Total ram usage:        6 bytes
 Hardware stack levels used:    1
 This function calls:
		Nothing
 This function is called by:
		_main
 This function uses a non-reentrant model



MODULE INFORMATION

Module		Function		Class		Link	Load	Size
timer.c
		_Timer_Init    		CODE           	0561	0000	188

timer.c estimated size: 188

DIO.c
		_DIO_init      		CODE           	06EA	0000	247
		_DIO_Write     		CODE           	061C	0000	207
		_DIO_Read      		CODE           	048D	0000	97

DIO.c estimated size: 551

shared
		__initialization		CODE           	07E0	0000	29

shared estimated size: 29

main.c
		_main          		CODE           	04ED	0000	117

main.c estimated size: 117

