Microchip MPLAB XC8 Compiler V2.20

Linker command line:

-W-3 --edf=C:\Program Files\Microchip\xc8\v2.20\pic\dat\en_msgs.txt -cn \
  -h+dist/default/production\timer0.X.production.sym \
  --cmf=dist/default/production\timer0.X.production.cmf -z -Q16F877A \
  -oC:\Users\mo\AppData\Local\Temp\s9v0.2 --defsym=__MPLAB_BUILD=1 \
  -Mdist/default/production/timer0.X.production.map -E1 -ver=XC8 Compiler \
  --acfsm=1493 -ASTACK=0110h-016Fh -pstack=STACK -ACODE=00h-07FFhx4 \
  -ASTRCODE=00h-01FFFh -ASTRING=00h-0FFhx32 -ACONST=00h-0FFhx32 \
  -AENTRY=00h-0FFhx32 -ACOMMON=070h-07Fh -ABANK0=020h-06Fh \
  -ABANK1=0A0h-0EFh -ABANK2=0110h-016Fh -ABANK3=0190h-01EFh \
  -ARAM=020h-06Fh,0A0h-0EFh,0110h-016Fh,0190h-01EFh \
  -AABS1=020h-07Fh,0A0h-0EFh,0110h-016Fh,0190h-01EFh -ASFR0=00h-01Fh \
  -ASFR1=080h-09Fh -ASFR2=0100h-010Fh -ASFR3=0180h-018Fh \
  -ACONFIG=02007h-02007h -DCONFIG=2 -AIDLOC=02000h-02003h -DIDLOC=2 \
  -preset_vec=00h,intentry,init,end_init -ppowerup=CODE -pcinit=CODE \
  -pfunctab=ENTRY -AEEDATA=00h-0FFh/02100h -peeprom_data=EEDATA -DEEDATA=2 \
  -DCODE=2 -DSTRCODE=2 -DSTRING=2 -DCONST=2 -DENTRY=2 -k \
  C:\Users\mo\AppData\Local\Temp\s9v0.o \
  dist/default/production\timer0.X.production.o 

Object code version is 3.11

Machine type is 16F877A



                Name                               Link     Load   Length Selector   Space Scale
C:\Users\mo\AppData\Local\Temp\s9v0.o
                end_init                              0        0        3        0       0
dist/default/production\timer0.X.production.o
                cinit                               7D5      7D5       2B      FAA       0
                text4                               611      611       CE      C22       0
                text3                               6DF      6DF       F6      DBE       0
                text2                               55C      55C       B5      AB8       0
                text1                               4C6      4C6       24      98C       0
                maintext                            4EA      4EA       72      9D4       0
                cstackCOMMON                         70       70        6       70       1
                clrtext                             49A      49A        8      934       0
                inittext                            4B3      4B3       13      966       0
                dataBANK0                            41       41       11       20       1
                bssBANK0                             20       20       21       20       1
                dataCOMMON                           7B       7B        2       70       1
                bssCOMMON                            76       76        5       70       1
                nvBANK0                              52       52        1       20       1
                idataBANK0                          4A2      4A2       11      944       0
                idataCOMMON                         498      498        2      930       0

TOTAL           Name                               Link     Load   Length     Space
        CLASS   STACK          

        CLASS   CODE           
                end_init                              0        0        3         0
                cinit                               7D5      7D5       2B         0
                text4                               611      611       CE         0
                text3                               6DF      6DF       F6         0
                text2                               55C      55C       B5         0
                text1                               4C6      4C6       24         0
                maintext                            4EA      4EA       72         0
                clrtext                             49A      49A        8         0
                inittext                            4B3      4B3       13         0
                idataBANK0                          4A2      4A2       11         0
                idataCOMMON                         498      498        2         0

        CLASS   STRCODE        

        CLASS   STRING         

        CLASS   CONST          

        CLASS   ENTRY          

        CLASS   COMMON         
                cstackCOMMON                         70       70        6         1
                dataCOMMON                           7B       7B        2         1
                bssCOMMON                            76       76        5         1

        CLASS   BANK0          
                dataBANK0                            41       41       11         1
                bssBANK0                             20       20       21         1
                nvBANK0                              52       52        1         1

        CLASS   BANK1          

        CLASS   BANK2          

        CLASS   BANK3          

        CLASS   RAM            

        CLASS   ABS1           
                abs_s1                               7E       7E        2         1

        CLASS   SFR0           

        CLASS   SFR1           

        CLASS   SFR2           

        CLASS   SFR3           

        CLASS   CONFIG         

        CLASS   IDLOC          

        CLASS   EEDATA         



SEGMENTS        Name                           Load    Length   Top    Selector   Space  Class     Delta

                reset_vec                      000000  000003  000003         0       0  CODE        2
                bssBANK0                       000020  000033  000053        20       1  BANK0       1
                cstackCOMMON                   000070  00000D  00007D        70       1  COMMON      1
                idataCOMMON                    000498  000002  00049A       930       0  CODE        2
                clrtext                        00049A  000008  0004A2       934       0  CODE        2
                idataBANK0                     0004A2  000011  0004B3       944       0  CODE        2
                inittext                       0004B3  000013  0004C6       966       0  CODE        2
                text1                          0004C6  000024  0004EA       98C       0  CODE        2
                maintext                       0004EA  000072  00055C       9D4       0  CODE        2
                text2                          00055C  0000B5  000611       AB8       0  CODE        2
                text4                          000611  0000CE  0006DF       C22       0  CODE        2
                text3                          0006DF  0000F6  0007D5       DBE       0  CODE        2
                cinit                          0007D5  00002B  000800       FAA       0  CODE        2


UNUSED ADDRESS RANGES

        Name                Unused          Largest block    Delta
        BANK0            0053-006F             1D           1
        BANK1            00A0-00EF             50           1
        BANK2            0110-016F             60           1
        BANK3            0190-01EF             60           1
        CODE             0003-0497            495           2
                         0800-1FFF            800
        COMMON           007D-007D              1           1
        CONFIG           2007-2007              1           2
        CONST            0003-0497            100           2
                         0800-1FFF            100
        EEDATA           2100-21FF            100           2
        ENTRY            0003-0497            100           2
                         0800-1FFF            100
        IDLOC            2000-2003              4           2
        RAM              0053-006F             1D           1
                         00A0-00EF             50
                         0110-016F             60
                         0190-01EF             60
        SFR0             0000-001F             20           1
        SFR1             0080-009F             20           1
        SFR2             0100-010F             10           1
        SFR3             0180-018F             10           1
        STACK            0110-016F             60           1
        STRCODE          0003-0497            495           2
                         0800-1FFF           1800
        STRING           0003-0497            100           2
                         0800-1FFF            100

                                  Symbol Table

DIO_Write@GPIO               cstackCOMMON 0075
DIO_Write@first_powerup      bssCOMMON    0078
DIO_Write@pins               cstackCOMMON 0070
DIO_Write@ret_error          cstackCOMMON 0074
DIO_Write@value              cstackCOMMON 0071
DIO_init@DIO_info            cstackCOMMON 0073
DIO_init@first_powerup_init  bssCOMMON    0079
DIO_init@ret_error           cstackCOMMON 0072
Timer_Init@Timer_cfg         cstackCOMMON 0073
Timer_Init@ret_error         cstackCOMMON 0072
Timer_Start@Timer_CH_NO      cstackCOMMON 0074
Timer_Start@Timer_Count      cstackCOMMON 0070
Timer_Start@ret_error        cstackCOMMON 0075
_DIO_Write                   text4        0611
_DIO_init                    text3        06DF
_Dio_configutation_A         dataBANK0    0046
_Dio_configutation_B         dataBANK0    004E
_Dio_configutation_C         dataBANK0    004A
_Prescaler                   dataCOMMON   007C
_Timer_Configuration0        dataBANK0    0041
_Timer_Init                  text2        055C
_Timer_Start                 text1        04C6
__Habs1                      abs1         0000
__Hbank0                     bank0        0000
__Hbank1                     bank1        0000
__Hbank2                     bank2        0000
__Hbank3                     bank3        0000
__HbssBANK0                  bssBANK0     0000
__HbssCOMMON                 bssCOMMON    0000
__Hcinit                     cinit        0800
__Hclrtext                   clrtext      0000
__Hcode                      code         0000
__Hcommon                    common       0000
__HcstackCOMMON              cstackCOMMON 0000
__HdataBANK0                 dataBANK0    0000
__HdataCOMMON                dataCOMMON   0000
__Heeprom_data               eeprom_data  0000
__Hend_init                  end_init     0003
__Hfunctab                   functab      0000
__HidataBANK0                idataBANK0   0000
__HidataCOMMON               idataCOMMON  0000
__Hinit                      init         0000
__Hinittext                  inittext     0000
__Hintentry                  intentry     0000
__Hmaintext                  maintext     0000
__HnvBANK0                   nvBANK0      0000
__Hpowerup                   powerup      0000
__Hram                       ram          0000
__Hreset_vec                 reset_vec    0000
__Hsfr0                      sfr0         0000
__Hsfr1                      sfr1         0000
__Hsfr2                      sfr2         0000
__Hsfr3                      sfr3         0000
__Hspace_0                   (abs)        0800
__Hspace_1                   (abs)        007D
__Hspace_2                   (abs)        0000
__Hspace_3                   (abs)        0000
__Hstack                     stack        0000
__Hstrings                   strings      0000
__Htext                      text         0000
__Labs1                      abs1         0000
__Lbank0                     bank0        0000
__Lbank1                     bank1        0000
__Lbank2                     bank2        0000
__Lbank3                     bank3        0000
__LbssBANK0                  bssBANK0     0000
__LbssCOMMON                 bssCOMMON    0000
__Lcinit                     cinit        07D5
__Lclrtext                   clrtext      0000
__Lcode                      code         0000
__Lcommon                    common       0000
__LcstackCOMMON              cstackCOMMON 0000
__LdataBANK0                 dataBANK0    0000
__LdataCOMMON                dataCOMMON   0000
__Leeprom_data               eeprom_data  0000
__Lend_init                  end_init     0000
__Lfunctab                   functab      0000
__LidataBANK0                idataBANK0   0000
__LidataCOMMON               idataCOMMON  0000
__Linit                      init         0000
__Linittext                  inittext     0000
__Lintentry                  intentry     0000
__Lmaintext                  maintext     0000
__LnvBANK0                   nvBANK0      0000
__Lpowerup                   powerup      0000
__Lram                       ram          0000
__Lreset_vec                 reset_vec    0000
__Lsfr0                      sfr0         0000
__Lsfr1                      sfr1         0000
__Lsfr2                      sfr2         0000
__Lsfr3                      sfr3         0000
__Lspace_0                   (abs)        0000
__Lspace_1                   (abs)        0000
__Lspace_2                   (abs)        0000
__Lspace_3                   (abs)        0000
__Lstack                     stack        0000
__Lstrings                   strings      0000
__Ltext                      text         0000
__S0                         (abs)        0800
__S1                         (abs)        007D
__S2                         (abs)        0000
__S3                         (abs)        0000
___int_sp                    stack        0000
___latbits                   (abs)        0002
___sp                        stack        0000
___stackhi                   (abs)        0000
___stacklo                   (abs)        0000
__end_of_DIO_Write           text4        06DF
__end_of_DIO_init            text3        07D5
__end_of_Timer_Init          text2        0611
__end_of_Timer_Start         text1        04EA
__end_of__initialization     cinit        07FC
__end_of_main                maintext     055C
__initialization             cinit        07D5
__pbssBANK0                  bssBANK0     0020
__pbssCOMMON                 bssCOMMON    0076
__pcstackCOMMON              cstackCOMMON 0070
__pdataBANK0                 dataBANK0    0041
__pdataCOMMON                dataCOMMON   007B
__pidataBANK0                idataBANK0   04A2
__pidataCOMMON               idataCOMMON  0498
__pmaintext                  maintext     04EA
__pnvBANK0                   nvBANK0      0052
__ptext1                     text1        04C6
__ptext2                     text2        055C
__ptext3                     text3        06DF
__ptext4                     text4        0611
__size_of_DIO_Write          (abs)        0000
__size_of_DIO_init           (abs)        0000
__size_of_Timer_Init         (abs)        0000
__size_of_Timer_Start        (abs)        0000
__size_of_main               (abs)        0000
_is_init                     bssCOMMON    007A
_main                        maintext     04EA
_ret                         nvBANK0      0052
_timer0_interrupt_ovfRoutine (abs)        0000
btemp                        (abs)        007E
clear_ram0                   clrtext      049A
end_of_initialization        cinit        07FC
init_fetch0                  inittext     04B3
init_ram0                    inittext     04B7
intlevel0                    functab      0000
intlevel1                    functab      0000
intlevel2                    functab      0000
intlevel3                    functab      0000
intlevel4                    functab      0000
intlevel5                    functab      0000
reset_vec                    reset_vec    0000
start                        init         0000
start_initialization         cinit        07D5
wtemp0                       (abs)        007E


FUNCTION INFORMATION:

 *************** function _main *****************
 Defined at:
		line 13 in file "main.c"
 Parameters:    Size  Location     Type
		None
 Auto vars:     Size  Location     Type
		None
 Return value:  Size  Location     Type
                  1    wreg      void 
 Registers used:
		wreg, fsr0l, fsr0h, status,2, status,0, btemp+1, pclath, cstack
 Tracked objects:
		On entry : 
		On exit  : 
		Unchanged: 
 Data sizes:     COMMON   BANK0   BANK1   BANK3   BANK2
      Params:         0       0       0       0       0
      Locals:         0       0       0       0       0
      Temps:          0       0       0       0       0
      Totals:         0       0       0       0       0
Total ram usage:        0 bytes
 Hardware stack levels required when called:    1
 This function calls:
		_DIO_Write
		_DIO_init
		_Timer_Init
		_Timer_Start
 This function is called by:
		Startup code after reset
 This function uses a non-reentrant model


 *************** function _Timer_Start *****************
 Defined at:
		line 129 in file "timer.c"
 Parameters:    Size  Location     Type
  Timer_CH_NO     1    wreg     unsigned char 
  Timer_Count     2    0[COMMON] unsigned int 
 Auto vars:     Size  Location     Type
  Timer_CH_NO     1    4[COMMON] unsigned char 
  ret_error       1    5[COMMON] unsigned char 
 Return value:  Size  Location     Type
                  1    wreg      unsigned char 
 Registers used:
		wreg, fsr0l, fsr0h, status,2, status,0, btemp+1
 Tracked objects:
		On entry : 
		On exit  : 
		Unchanged: 
 Data sizes:     COMMON   BANK0   BANK1   BANK3   BANK2
      Params:         2       0       0       0       0
      Locals:         2       0       0       0       0
      Temps:          2       0       0       0       0
      Totals:         6       0       0       0       0
Total ram usage:        6 bytes
 Hardware stack levels used:    1
 This function calls:
		Nothing
 This function is called by:
		_main
 This function uses a non-reentrant model


 *************** function _Timer_Init *****************
 Defined at:
		line 15 in file "timer.c"
 Parameters:    Size  Location     Type
  Timer_cfg       1    wreg     PTR struct Timer_cfg_s
		 -> Timer_Configuration0(5), 
 Auto vars:     Size  Location     Type
  Timer_cfg       1    3[COMMON] PTR struct Timer_cfg_s
		 -> Timer_Configuration0(5), 
  ret_error       1    2[COMMON] unsigned char 
 Return value:  Size  Location     Type
                  1    wreg      unsigned char 
 Registers used:
		wreg, fsr0l, fsr0h, status,2, status,0, btemp+1
 Tracked objects:
		On entry : 
		On exit  : 
		Unchanged: 
 Data sizes:     COMMON   BANK0   BANK1   BANK3   BANK2
      Params:         0       0       0       0       0
      Locals:         2       0       0       0       0
      Temps:          2       0       0       0       0
      Totals:         4       0       0       0       0
Total ram usage:        4 bytes
 Hardware stack levels used:    1
 This function calls:
		Nothing
 This function is called by:
		_main
 This function uses a non-reentrant model


 *************** function _DIO_init *****************
 Defined at:
		line 11 in file "DIO.c"
 Parameters:    Size  Location     Type
  DIO_info        1    wreg     PTR struct DIO_Cfg_s
		 -> Dio_configutation_A(4), Dio_configutation_C(4), Dio_configutation_B(4), 
 Auto vars:     Size  Location     Type
  DIO_info        1    3[COMMON] PTR struct DIO_Cfg_s
		 -> Dio_configutation_A(4), Dio_configutation_C(4), Dio_configutation_B(4), 
  ret_error       1    2[COMMON] unsigned char 
 Return value:  Size  Location     Type
                  1    wreg      unsigned char 
 Registers used:
		wreg, fsr0l, fsr0h, status,2, status,0, btemp+1
 Tracked objects:
		On entry : 
		On exit  : 
		Unchanged: 
 Data sizes:     COMMON   BANK0   BANK1   BANK3   BANK2
      Params:         0       0       0       0       0
      Locals:         2       0       0       0       0
      Temps:          2       0       0       0       0
      Totals:         4       0       0       0       0
Total ram usage:        4 bytes
 Hardware stack levels used:    1
 This function calls:
		Nothing
 This function is called by:
		_main
 This function uses a non-reentrant model


 *************** function _DIO_Write *****************
 Defined at:
		line 131 in file "DIO.c"
 Parameters:    Size  Location     Type
  GPIO            1    wreg     unsigned char 
  pins            1    0[COMMON] unsigned char 
  value           1    1[COMMON] unsigned char 
 Auto vars:     Size  Location     Type
  GPIO            1    5[COMMON] unsigned char 
  ret_error       1    4[COMMON] unsigned char 
 Return value:  Size  Location     Type
                  1    wreg      unsigned char 
 Registers used:
		wreg, fsr0l, fsr0h, status,2, status,0, btemp+1
 Tracked objects:
		On entry : 
		On exit  : 
		Unchanged: 
 Data sizes:     COMMON   BANK0   BANK1   BANK3   BANK2
      Params:         2       0       0       0       0
      Locals:         2       0       0       0       0
      Temps:          2       0       0       0       0
      Totals:         6       0       0       0       0
Total ram usage:        6 bytes
 Hardware stack levels used:    1
 This function calls:
		Nothing
 This function is called by:
		_main
		_timer0_interrupt_ovfRoutine
 This function uses a non-reentrant model



MODULE INFORMATION

Module		Function		Class		Link	Load	Size
timer.c
		_Timer_Start   		CODE           	04C6	0000	37
		_Timer_Init    		CODE           	055C	0000	182

timer.c estimated size: 219

DIO.c
		_DIO_init      		CODE           	06DF	0000	247
		_DIO_Write     		CODE           	0611	0000	207

DIO.c estimated size: 454

shared
		__initialization		CODE           	07D5	0000	40

shared estimated size: 40

main.c
		_main          		CODE           	04EA	0000	115

main.c estimated size: 115

